// Jest Snapshot v1, https://goo.gl/fbAQLP

exports[`CardBuilder should render correctly 1`] = `
<DocumentFragment>
  <article
    class="pf-c-card"
    data-ouia-component-id="OUIA-Generated-Card-1"
    data-ouia-component-type="PF4/Card"
    data-ouia-safe="true"
    id=""
  >
    <div
      class="pf-c-card__title"
    >
      Task title
    </div>
    <div
      class="pf-c-card__body"
    >
      Task description
    </div>
    <div
      class="pf-c-card__footer"
    >
      <div
        class="pf-l-flex pf-m-column"
      >
        <div
          class=""
        >
          <a
            href="#"
          >
            Download preview of playbook
          </a>
        </div>
        <div
          class=""
        >
          <button
            aria-disabled="false"
            aria-label="undefined-run-task-button"
            class="pf-c-button pf-m-primary"
            data-ouia-component-id="OUIA-Generated-Button-primary-1"
            data-ouia-component-type="PF4/Button"
            data-ouia-safe="true"
            type="button"
          >
            Run task
          </button>
        </div>
      </div>
    </div>
  </article>
</DocumentFragment>
`;
