// Jest Snapshot v1, https://goo.gl/fbAQLP

exports[`useRowsBuilder returns a rows configuration 1`] = `
Object {
  "all": Array [
    Object {
      "tableProps": Object {
        "rows": Array [
          Array [
            Object {
              "title": "taskA",
            },
            Object {
              "title": 10,
            },
            Object {
              "title": "Running",
            },
          ],
          Array [
            Object {
              "title": "taskB",
            },
            Object {
              "title": 5,
            },
            Object {
              "title": "20 Apr 2022, 11:10 UTC",
            },
          ],
          Array [
            Object {
              "title": "taskB",
            },
            Object {
              "title": 3,
            },
            Object {
              "title": "25 Apr 2022, 11:10 UTC",
            },
          ],
        ],
      },
      "toolbarProps": Object {
        "pagination": undefined,
      },
    },
  ],
  "current": Object {
    "tableProps": Object {
      "rows": Array [
        Array [
          Object {
            "title": "taskA",
          },
          Object {
            "title": 10,
          },
          Object {
            "title": "Running",
          },
        ],
        Array [
          Object {
            "title": "taskB",
          },
          Object {
            "title": 5,
          },
          Object {
            "title": "20 Apr 2022, 11:10 UTC",
          },
        ],
        Array [
          Object {
            "title": "taskB",
          },
          Object {
            "title": 3,
          },
          Object {
            "title": "25 Apr 2022, 11:10 UTC",
          },
        ],
      ],
    },
    "toolbarProps": Object {
      "pagination": undefined,
    },
  },
  "error": undefined,
}
`;
