// Jest Snapshot v1, https://goo.gl/fbAQLP

exports[`NoResultsTable should render correctly 1`] = `
<DocumentFragment>
  <div
    class="ins-c-table__empty"
  >
     
    <div
      class="pf-l-bullseye"
    >
      <div
        class="pf-c-empty-state"
      >
        <div
          class="pf-c-empty-state__content"
        >
          <h5
            class="pf-c-title pf-m-lg"
            data-ouia-component-id="OUIA-Generated-Title-1"
            data-ouia-component-type="PF4/Title"
            data-ouia-safe="true"
          >
            No matching undefined found
          </h5>
          <div
            class="pf-c-empty-state__body"
          >
            To continue, edit your filter settings and search again.
          </div>
        </div>
      </div>
    </div>
  </div>
</DocumentFragment>
`;
